2026-09-25 prospective13 2026-09-25.json d2c0682bf479d9b3a702bf8d5b17eb6b7010aca9c31a9cab105c981dce22c268 2026-09-26T23:40:53.254Z
2026-09-25 prospective14 2026-09-25.json 7da265bae7b92ba38bc0886d9a9582121d2ba2a002d06a94c006936b323744c0 2026-09-26T23:40:53.254Z
2026-09-25 prospective15 2026-09-25.json 2d05ff12d12882a41d612025ba684d6f848e9e9bb54615494d116e88b36626be 2026-09-27T01:24:53.334Z
2026-09-27 macro-phase2 PHASE2-FROZEN.md b405fde29c6ed024c642a96b90bd23a8fb0adb32e8482506b105988c06f3b2b3 2026-09-27T18:50:07Z
2026-09-27 tier3-lpa ALERTS-TIER3-LPA-v1.md 0cdde7edcebea6fc31bb4008e4379fdbc055c8b4505025c31e1fadad195d4b7c 2026-09-27T22:04:05Z
2026-09-28 prospective13 2026-09-28.json 5c7e54825e6ea16579305b1283c212f639e24c0602f10219061f13a5ed1c3309 2026-09-29T03:40:05.802Z
2026-09-28 prospective14 2026-09-28.json ce2338d6d2fb9af16a9540aa9b95097a1276ee02afd256b3bb902136c1674cfe 2026-09-29T03:40:05.802Z
2026-09-28 prospective15 2026-09-28.json 56ec135f922bbb862f51f99c267b0ad4157828351602d27961eac59f06d6d918 2026-09-29T03:40:05.802Z
2026-09-29 macro-outlook-freeze OUTLOOK-FREEZE-MANIFEST.json 949fa6833043ba6ef6e1b5fbd147bf1f37b72cf3efa075bd8626b8d3b90084c2 2026-09-29T12:13:26Z
2026-09-29 macro-outlook-freeze-v3 OUTLOOK-FREEZE-MANIFEST-v3.json 8655bae0436eebf705acc2cd9d06af37ffba4506b2d66d35b414b3eaf9268530 2026-09-29T13:06:31Z SUPERSEDES 949fa6833043ba6ef6e1b5fbd147bf1f37b72cf3efa075bd8626b8d3b90084c2
2026-09-29 prospective13 2026-09-29.json 751d8a752b6c0f17f3b510be185d8ebea53350cc63cbfa90b7f409866bd42b2d 2026-09-30T03:40:05.286Z
2026-09-29 prospective14 2026-09-29.json 85418af669a271f79c5869af0ca7914b8dcb50bdc85d7f21c6cfbcee88a922d4 2026-09-30T03:40:05.286Z
2026-09-29 prospective15 2026-09-29.json 061deb91b87725422491ea1e5125de6f29a8c3df5c995496efb3fb0fd2e150e3 2026-09-30T03:40:05.286Z
2026-09-30 prospective13 2026-09-30.json 95e9c7e1688a4acde121faff0c14ee3e61ef3b5f15efa964370693521882c4f2 2026-10-01T03:40:04.231Z
2026-09-30 prospective14 2026-09-30.json 9dc18283554eb2fcaa681d5eeb708086fffe9e1d4dd1ee800033d357fab3f654 2026-10-01T03:40:04.231Z
2026-09-30 prospective15 2026-09-30.json ba5583a852d8e90562419c22e6050f1a9b0b10954cd477b3a630fbb5cf1ac995 2026-10-01T03:40:04.231Z
2026-10-01 prospective13 2026-10-01.json 8e1d7a8af32e19ab1d5177d286f8dda1c1a64fabeab4e1ff603bf596518f0794 2026-10-02T03:40:03.158Z
2026-10-01 prospective14 2026-10-01.json 2a27f9a12ae3fd34fea978257c034ab4e62cd78a3dc2eb1da38bac3c5a0c6ef0 2026-10-02T03:40:03.158Z
2026-10-01 prospective15 2026-10-01.json da4c07cd5d82b3e1ff6fea70f852c081b073e75fbb50f3097698bae0fbbb3208 2026-10-02T03:40:03.158Z
2026-10-02 prospective13 2026-10-02.json 78ef1d12274decb8ae2d8d348bfd687642acc1e006400d9d18f27389a5f2b4f7 2026-10-03T03:40:03.153Z
2026-10-02 prospective14 2026-10-02.json ebfdb2607f0f3f46013d7df2828a2b7a2aa99a0f4ac3f1a30f4161a23f64574e 2026-10-03T03:40:03.153Z
2026-10-02 prospective15 2026-10-02.json 68693bcf525941609766eaba5f466424b7920e83af4d4134bfd1dbf2b31a75e1 2026-10-03T03:40:03.153Z
2026-10-05 prospective13 2026-10-05.json 71e2220746bdfda1fc60767803b7ac03b923ac4b05ba0ef3092c10556ffc7f80 2026-10-06T03:40:05.870Z
2026-10-05 prospective14 2026-10-05.json a710c60a0a91155472460455df8345bfc52184382833318dc472876dd04b9544 2026-10-06T03:40:05.870Z
2026-10-05 prospective15 2026-10-05.json fc0bf66981dd14923d588da927cc91670241961ab52429d69cdedf3bb4dfa91e 2026-10-06T03:40:05.870Z
2026-10-06 prospective13 2026-10-06.json b05a841a079608fbc32a6468e2f8ee2f5d18cc5cf7dd9acafb44f4a1e6a3eb30 2026-10-07T03:40:03.252Z
2026-10-06 prospective14 2026-10-06.json 14fb35eeb347d9afa554172133e5ec72abe9dd6e194b3a667287c48099af35e5 2026-10-07T03:40:03.252Z
2026-10-06 prospective15 2026-10-06.json d78ce3aa07d24da09833edebfc4858c2b0e86b6464cc69ddc376f124e70ad358 2026-10-07T03:40:03.252Z
2026-10-07 prospective13 2026-10-07.json d80097cba4e92dc25f806154eed258a20ce8c8ebd58d8a660716a62788127f48 2026-10-08T03:40:05.560Z
2026-10-07 prospective14 2026-10-07.json f58c1be6bce98db52fa02c02ae6c70f04cf85f4cc3c03edec35b27d18caf9635 2026-10-08T03:40:05.560Z
2026-10-07 prospective15 2026-10-07.json 8dfb0ac180bb34d63b191e29271961f13fa8c694b5a3248baccee9fce4a9a4d0 2026-10-08T03:40:05.560Z
2026-10-08 prospective13 2026-10-08.json 943368b100ffb74bc0bb2f0a96c414d1b0a351c43bc6df61fac6f50705001133 2026-10-09T03:40:05.176Z
2026-10-08 prospective14 2026-10-08.json be63189c7956e546ccd7f56ca0d1b732dd476fa218bf8910f607df49ae87edb6 2026-10-09T03:40:05.176Z
2026-10-08 prospective15 2026-10-08.json 84c8d0ea125a85f0b9103e62c1c67dde3e56eca6701e5716676a6f52aaa5c3f9 2026-10-09T03:40:05.176Z
